// Jest Snapshot v1, https://goo.gl/fbAQLP

exports[`Counter Snapshot renderers 1`] = `
<div>
  <h1>
    My Counter
  </h1>
  <p>
    0
  </p>
  <button
    onClick={[Function]}
    type="button"
  >
    Increment
  </button>
  <button
    onClick={[Function]}
    type="button"
  >
    Decrement
  </button>
</div>
`;

exports[`CounterEl Snapshot renderers 1`] = `
<p>
  0
</p>
`;
